=== attempt 1 at 2026-09-26T00:25:46Z: sh -c cd command-centre && npx vite build
(!) Your Vite config uses features that are unsupported by `configLoader: 'native'`, which is planned to become the default in a future major version of Vite:
  - `__dirname` (vite.config.ts:11:27). Use `import.meta.dirname` instead
Set `VITE_CONFIG_NATIVE_IGNORE_WARNING=true` to suppress this warning.
vite v8.3.1 building client environment for production...
transforming...
✓ 1702 modules transformed.
rendering chunks...
computing gzip size...
dist/index.html                                                        1.29 kB │ gzip:  0.52 kB
dist/assets/jetbrains-mono-vietnamese-wght-normal-Bt-aOZkq.woff2       7.50 kB
dist/assets/plus-jakarta-sans-vietnamese-wght-normal-qRpaaN48.woff2    8.35 kB
dist/assets/jetbrains-mono-greek-wght-normal-Bw9x6K1M.woff2            9.00 kB
dist/assets/jetbrains-mono-cyrillic-wght-normal-D73BlboJ.woff2        12.10 kB
dist/assets/jetbrains-mono-latin-ext-wght-normal-DBQx-q_a.woff2       15.19 kB
dist/assets/plus-jakarta-sans-latin-ext-wght-normal-DmpS2jIq.woff2    21.72 kB
dist/assets/plus-jakarta-sans-latin-wght-normal-eXO_dkmS.woff2        27.34 kB
dist/assets/jetbrains-mono-latin-wght-normal-B9CIFXIH.woff2           40.40 kB
dist/assets/index-C8eyjnvB.css                                        70.92 kB │ gzip: 17.30 kB
dist/assets/check-vBYZe4m9.js                                          0.11 kB │ gzip:  0.13 kB
dist/assets/plus-BeaRxoNp.js                                           0.14 kB │ gzip:  0.14 kB
dist/assets/arrow-left-CWPvHm4j.js                                     0.15 kB │ gzip:  0.15 kB
dist/assets/circle-check-BoYN5hzi.js                                   0.16 kB │ gzip:  0.16 kB
dist/assets/activity-DVi7SBHG.js                                       0.22 kB │ gzip:  0.19 kB
dist/assets/database-BWjGobeq.js                                       0.23 kB │ gzip:  0.19 kB
dist/assets/settings-2-DStaPVBa.js                                     0.24 kB │ gzip:  0.18 kB
dist/assets/file-code-2-DJJ4lwZ3.js                                    0.28 kB │ gzip:  0.20 kB
dist/assets/trash-2-C8Pxhbvy.js                                        0.31 kB │ gzip:  0.20 kB
dist/assets/file-text-CBQBgElb.js                                      0.32 kB │ gzip:  0.20 kB
dist/assets/shield-x-CgDOYFu8.js                                       0.34 kB │ gzip:  0.25 kB
dist/assets/package-CWbfYfGr.js                                        0.36 kB │ gzip:  0.25 kB
dist/assets/radio-AAeJpNOA.js                                          0.36 kB │ gzip:  0.24 kB
dist/assets/NotFoundView-Ds_-lJ7i.js                                   0.40 kB │ gzip:  0.29 kB
dist/assets/layers-sbPwvwTQ.js                                         0.41 kB │ gzip:  0.23 kB
dist/assets/rocket-Dq9bLzKJ.js                                         0.44 kB │ gzip:  0.30 kB
dist/assets/network-C8vTQ2qu.js                                        0.60 kB │ gzip:  0.33 kB
dist/assets/cpu-YqVsw5MG.js                                            0.63 kB │ gzip:  0.28 kB
dist/assets/client-B4LNUIQa.js                                         0.99 kB │ gzip:  0.64 kB
dist/assets/BillingView-BmkcXRjY.js                                    1.48 kB │ gzip:  0.73 kB
dist/assets/DomainsView-2lSt9Vvf.js                                    2.71 kB │ gzip:  1.06 kB
dist/assets/DeploymentView-BtrwVTgE.js                                 2.86 kB │ gzip:  1.11 kB
dist/assets/AnalyticsView-BQSDN1Gu.js                                  3.62 kB │ gzip:  1.41 kB
dist/assets/TeamView-CaYgLlZj.js                                       3.82 kB │ gzip:  1.51 kB
dist/assets/ConnectDialog-DP1HJ3ot.js                                  4.02 kB │ gzip:  1.74 kB
dist/assets/SettingsView-X61njMkZ.js                                   4.44 kB │ gzip:  1.39 kB
dist/assets/SecurityView-CcfwYAV8.js                                   4.61 kB │ gzip:  1.72 kB
dist/assets/AppsView-DCI6mfoG.js                                       4.79 kB │ gzip:  1.66 kB
dist/assets/EvidenceView-58vEb0kp.js                                   7.33 kB │ gzip:  2.37 kB
dist/assets/CopilotView-BzfrrEmC.js                                    9.06 kB │ gzip:  3.51 kB
dist/assets/DeployNewView-MxXVI2SX.js                                 11.61 kB │ gzip:  3.96 kB
dist/assets/StorageView-CbMKSQZ5.js                                   11.96 kB │ gzip:  3.95 kB
dist/assets/DeployView-DzvOzIrO.js                                    13.10 kB │ gzip:  4.76 kB
dist/assets/DashboardView-nIA-hT-H.js                                 14.00 kB │ gzip:  4.10 kB
dist/assets/NodeDetailView-B-I0ETkV.js                                14.91 kB │ gzip:  5.05 kB
dist/assets/AppDetailView-CDZSuOv3.js                                 14.91 kB │ gzip:  4.36 kB
dist/assets/CommandSurface-sTeznsEd.js                                16.40 kB │ gzip:  7.04 kB
dist/assets/NodesView-DbzoZkqh.js                                     20.35 kB │ gzip:  6.72 kB
dist/assets/states-Bat20LFI.js                                        30.05 kB │ gzip: 10.29 kB
dist/assets/index-C5EnWkV-.js                                        289.10 kB │ gzip: 91.87 kB

✓ built in 1.02s
