=== attempt 1 at 2026-09-26T00:53:07Z: go test -count=1 -timeout 40m -v ./tests/integration/...
=== RUN   TestEdgeRoutesToReplicaOnItself
--- PASS: TestEdgeRoutesToReplicaOnItself (7.92s)
=== RUN   TestArtifactFetchSkipsDeadHolder
    fetch_dead_holder_test.go:31: artifact holders [host-c host-a]; killing host-c
    fetch_dead_holder_test.go:48: 3 replicas running 11.11s after scaling with holder host-c dead
--- PASS: TestArtifactFetchSkipsDeadHolder (25.91s)
=== RUN   TestM1SovereignRuntime
=== RUN   TestM1SovereignRuntime/identical_desired_state_does_not_advance_the_generation
=== RUN   TestM1SovereignRuntime/replayed_observation_is_rejected_with_the_sequence_numbers
=== RUN   TestM1SovereignRuntime/observation_signed_with_another_key_is_rejected
=== RUN   TestM1SovereignRuntime/tampered_observation_field_is_rejected
=== RUN   TestM1SovereignRuntime/freeze_holds_admitted_work_and_refuses_new_work
=== RUN   TestM1SovereignRuntime/control-plane_outage_is_not_workload_outage
=== RUN   TestM1SovereignRuntime/revocation_blocks_new_work_without_killing_admitted_work
=== RUN   TestM1SovereignRuntime/audit_chain_verifies_and_tampering_is_detected_offline
=== RUN   TestM1SovereignRuntime/host_ledger_is_authoritative,_chained_and_signed
--- PASS: TestM1SovereignRuntime (25.74s)
    --- PASS: TestM1SovereignRuntime/identical_desired_state_does_not_advance_the_generation (0.01s)
    --- PASS: TestM1SovereignRuntime/replayed_observation_is_rejected_with_the_sequence_numbers (0.01s)
    --- PASS: TestM1SovereignRuntime/observation_signed_with_another_key_is_rejected (0.01s)
    --- PASS: TestM1SovereignRuntime/tampered_observation_field_is_rejected (0.00s)
    --- PASS: TestM1SovereignRuntime/freeze_holds_admitted_work_and_refuses_new_work (3.63s)
    --- PASS: TestM1SovereignRuntime/control-plane_outage_is_not_workload_outage (15.16s)
    --- PASS: TestM1SovereignRuntime/revocation_blocks_new_work_without_killing_admitted_work (0.92s)
    --- PASS: TestM1SovereignRuntime/audit_chain_verifies_and_tampering_is_detected_offline (0.01s)
    --- PASS: TestM1SovereignRuntime/host_ledger_is_authoritative,_chained_and_signed (0.00s)
=== RUN   TestM2StorageSurvivesHostLoss
    m2_test.go:103: committed b3:fb595a3b2f94 on [host-c edge-1 host-d] (primary host-c)
    m2_test.go:109: killed host-c and 1 workload(s)
    m2_test.go:142: replica restored on host-d from b3:fb595a3b2f94; 3145728 bytes identical
=== RUN   TestM2StorageSurvivesHostLoss/interrupted_write_never_corrupts_committed_data
    m2_test.go:186: killed host-d mid-write (pending snapshot seen: true; committed at kill b3:fb595a3b2f94)
    m2_test.go:239: interrupted write was not committed; committed state preserved (outcome: rolled back to b3:fb595a3b2f94)
=== RUN   TestM2StorageSurvivesHostLoss/anti-entropy_repairs_a_corrupted_replica_chunk_with_evidence
    m2_test.go:264: corrupted b3:b4a3b02e953cf28bfb54f93581f06ada841d3f50cb06edb8d30d3a343a9bf742 on host-a
--- PASS: TestM2StorageSurvivesHostLoss (42.15s)
    --- PASS: TestM2StorageSurvivesHostLoss/interrupted_write_never_corrupts_committed_data (13.98s)
    --- PASS: TestM2StorageSurvivesHostLoss/anti-entropy_repairs_a_corrupted_replica_chunk_with_evidence (2.82s)
=== RUN   TestM3TrustAndMesh
    m3_test.go:68: timed out after 30s waiting for full WireGuard mesh with handshakes, verified bindings, gossip and measured RTT
    harness_test.go:94: ---- cp-1.log ----
        member dh1be23jvv75fk3t64erfwjyno2uk awaiting bootstrap or join; one-time code in /tmp/TestM3TrustAndMesh3933633050/001/cp-1/bootstrap.code
        2026/09/26 00:54:51 dh-control member dh1be23jvv75fk3t64erfwjyno2uk serving API on 127.0.0.1:47001 (raft 127.0.0.1:47101)
    harness_test.go:94: ---- host-a.log ----
        2026/09/26 00:54:52 dh-noded[host-a] host dh1suau6ljqqlcjyb2k2ctse4st4k (host-a) running; root bv0kXy3Qbzp6; control plane [127.0.0.1:47001]
    harness_test.go:94: ---- host-b.log ----
        2026/09/26 00:54:52 dh-noded[host-b] host dh1namfiwwablq7beyhgraprkpn5e (host-b) running; root bv0kXy3Qbzp6; control plane [127.0.0.1:47001]
    harness_test.go:94: ---- host-c.log ----
        2026/09/26 00:54:52 dh-noded[host-c] host dh1i4jjhphk7mqb7koketgcev3tg5 (host-c) running; root bv0kXy3Qbzp6; control plane [127.0.0.1:47001]
--- FAIL: TestM3TrustAndMesh (35.89s)
=== RUN   TestM4EdgeTLSAndFailover
    m4_test.go:96: pebble not installed (run `make tools`); ACME issuance cannot be exercised without an ACME server
--- SKIP: TestM4EdgeTLSAndFailover (0.00s)
=== RUN   TestM5HighlyAvailableControlPlane
=== RUN   TestM5HighlyAvailableControlPlane/every_member_serves_the_leader's_view,_the_console_and_conformance
=== RUN   TestM5HighlyAvailableControlPlane/leader_loss:_new_leader,_no_lost_writes,_no_workload_interruption
    m5_test.go:201: leader cp-1 killed; cp-3 elected in 1.042s; 228 requests through the edge during failover, 0 failed
=== RUN   TestM5HighlyAvailableControlPlane/backup_verifies_offline;_total_control-plane_loss_is_restored_without_stopping_workloads
    m5_test.go:299: restored from backup at index 63; 150 requests during total control-plane loss and restore, 0 failed
--- PASS: TestM5HighlyAvailableControlPlane (18.87s)
    --- PASS: TestM5HighlyAvailableControlPlane/every_member_serves_the_leader's_view,_the_console_and_conformance (0.11s)
    --- PASS: TestM5HighlyAvailableControlPlane/leader_loss:_new_leader,_no_lost_writes,_no_workload_interruption (7.37s)
    --- PASS: TestM5HighlyAvailableControlPlane/backup_verifies_offline;_total_control-plane_loss_is_restored_without_stopping_workloads (3.38s)
=== RUN   TestM7Federation
=== RUN   TestM7Federation/placement_over_quota_is_refused_by_the_grantor
=== RUN   TestM7Federation/cross-cluster_placement_runs_under_the_grantor's_own_authority_and_host_policy
=== RUN   TestM7Federation/revocation_by_the_grantor_stops_the_work_there_and_is_visible_to_the_grantee
--- PASS: TestM7Federation (19.64s)
    --- PASS: TestM7Federation/placement_over_quota_is_refused_by_the_grantor (3.57s)
    --- PASS: TestM7Federation/cross-cluster_placement_runs_under_the_grantor's_own_authority_and_host_policy (6.16s)
    --- PASS: TestM7Federation/revocation_by_the_grantor_stops_the_work_there_and_is_visible_to_the_grantee (3.98s)
=== RUN   TestNodeA01SovereignNode
=== RUN   TestNodeA01SovereignNode/identity_is_generated_on_the_host_and_the_host_waits_for_approval
=== RUN   TestNodeA01SovereignNode/the_private_key_never_reaches_the_control_plane
    node_a01_test.go:154: scanned 6 control-plane files, 3 API documents and the log for 7 encodings of the host key
=== RUN   TestNodeA01SovereignNode/the_join_token_admits_exactly_one_identity
=== RUN   TestNodeA01SovereignNode/a_join_token_not_signed_by_the_cluster_root_is_refused
=== RUN   TestNodeA01SovereignNode/an_expired_join_token_is_refused
=== RUN   TestNodeA01SovereignNode/a_join_token_the_owner_revoked_is_refused
=== RUN   TestNodeA01SovereignNode/an_enrollment_signed_by_a_key_other_than_the_enrolling_identity_is_refused
=== RUN   TestNodeA01SovereignNode/a_replayed_enrollment_cannot_roll_the_host's_record_back
=== RUN   TestNodeA01SovereignNode/facts_are_measured,_not_the_declared_capacity
    node_a01_test.go:277: facts: cpus=4 model="Intel(R) Xeon(R) Processor @ 2.80GHz" cores=4 mem=16877547520 swap=0 disks=7 gpus=0 unknown=[gpus natType]
=== RUN   TestNodeA01SovereignNode/owner_approval_makes_the_host_ACTIVE_and_FRESH
=== RUN   TestNodeA01SovereignNode/heartbeats_are_authenticated:_replay_and_foreign_keys_are_refused
=== RUN   TestNodeA01SovereignNode/coordinator_disconnect:_the_host_stops_claiming_freshness,_then_reconciles
=== RUN   TestNodeA01SovereignNode/host_disconnect:_the_plane_goes_STALE_then_lost,_never_a_fabricated_live_state
=== RUN   TestNodeA01SovereignNode/audit_tampering_is_detected
=== RUN   TestNodeA01SovereignNode/host_ledger_tampering_is_detected_by_the_host_itself
=== RUN   TestNodeA01SovereignNode/a_revoked_key_is_refused_on_every_host_channel
--- PASS: TestNodeA01SovereignNode (47.84s)
    --- PASS: TestNodeA01SovereignNode/identity_is_generated_on_the_host_and_the_host_waits_for_approval (2.21s)
    --- PASS: TestNodeA01SovereignNode/the_private_key_never_reaches_the_control_plane (0.00s)
    --- PASS: TestNodeA01SovereignNode/the_join_token_admits_exactly_one_identity (0.00s)
    --- PASS: TestNodeA01SovereignNode/a_join_token_not_signed_by_the_cluster_root_is_refused (0.00s)
    --- PASS: TestNodeA01SovereignNode/an_expired_join_token_is_refused (1.00s)
    --- PASS: TestNodeA01SovereignNode/a_join_token_the_owner_revoked_is_refused (0.01s)
    --- PASS: TestNodeA01SovereignNode/an_enrollment_signed_by_a_key_other_than_the_enrolling_identity_is_refused (0.00s)
    --- PASS: TestNodeA01SovereignNode/a_replayed_enrollment_cannot_roll_the_host's_record_back (0.00s)
    --- PASS: TestNodeA01SovereignNode/facts_are_measured,_not_the_declared_capacity (0.00s)
    --- PASS: TestNodeA01SovereignNode/owner_approval_makes_the_host_ACTIVE_and_FRESH (0.00s)
    --- PASS: TestNodeA01SovereignNode/heartbeats_are_authenticated:_replay_and_foreign_keys_are_refused (0.01s)
    --- PASS: TestNodeA01SovereignNode/coordinator_disconnect:_the_host_stops_claiming_freshness,_then_reconciles (16.27s)
    --- PASS: TestNodeA01SovereignNode/host_disconnect:_the_plane_goes_STALE_then_lost,_never_a_fabricated_live_state (16.07s)
    --- PASS: TestNodeA01SovereignNode/audit_tampering_is_detected (0.00s)
    --- PASS: TestNodeA01SovereignNode/host_ledger_tampering_is_detected_by_the_host_itself (0.31s)
    --- PASS: TestNodeA01SovereignNode/a_revoked_key_is_refused_on_every_host_channel (10.03s)
=== RUN   TestRollingUpdateOfSingleReplicaDropsNothing
    rollout_test.go:54: 138 requests during the rolling update, 0 failed
--- PASS: TestRollingUpdateOfSingleReplicaDropsNothing (10.78s)
=== RUN   TestTLSEndToEnd
--- PASS: TestTLSEndToEnd (7.18s)
FAIL
FAIL	decentralized.host/tests/integration	243.656s
FAIL
=== exit 1: exit status 1
