=== attempt 1 at 2026-09-24T19:21:32Z: go test -count=1 -race ./pkg/... ./cmd/... ./conformance/...
?   	decentralized.host/pkg/api	[no test files]
ok  	decentralized.host/pkg/audit	1.564s
ok  	decentralized.host/pkg/canon	1.752s
ok  	decentralized.host/pkg/capability	2.174s
?   	decentralized.host/pkg/chaos	[no test files]
?   	decentralized.host/pkg/cli	[no test files]
ok  	decentralized.host/pkg/conformance	7.592s
?   	decentralized.host/pkg/control	[no test files]
?   	decentralized.host/pkg/devcluster	[no test files]
?   	decentralized.host/pkg/edge	[no test files]
ok  	decentralized.host/pkg/envelope	1.761s
ok  	decentralized.host/pkg/evidence	2.311s
?   	decentralized.host/pkg/identity	[no test files]
ok  	decentralized.host/pkg/manifest	2.344s
ok  	decentralized.host/pkg/mesh	5.908s
ok  	decentralized.host/pkg/node	8.980s
?   	decentralized.host/pkg/peer	[no test files]
ok  	decentralized.host/pkg/pki	2.365s
ok  	decentralized.host/pkg/policy	2.245s
?   	decentralized.host/pkg/runtime	[no test files]
ok  	decentralized.host/pkg/scheduler	2.251s
ok  	decentralized.host/pkg/storage	2.145s
?   	decentralized.host/cmd/dh	[no test files]
?   	decentralized.host/cmd/dh-beacon	[no test files]
?   	decentralized.host/cmd/dh-conformance	[no test files]
?   	decentralized.host/cmd/dh-control	[no test files]
?   	decentralized.host/cmd/dh-noded	[no test files]
?   	decentralized.host/conformance/vectors	[no test files]
