=== attempt 1 at 2026-09-24T19:47:45Z: go test -count=1 -timeout 40m -v ./tests/integration/...
=== RUN   TestEdgeRoutesToReplicaOnItself
--- PASS: TestEdgeRoutesToReplicaOnItself (9.24s)
=== RUN   TestArtifactFetchSkipsDeadHolder
    fetch_dead_holder_test.go:31: artifact holders [host-d host-c]; killing host-d
    fetch_dead_holder_test.go:48: 3 replicas running 2.189s after scaling with holder host-d dead
--- PASS: TestArtifactFetchSkipsDeadHolder (15.50s)
=== RUN   TestM1SovereignRuntime
=== RUN   TestM1SovereignRuntime/identical_desired_state_does_not_advance_the_generation
=== RUN   TestM1SovereignRuntime/replayed_observation_is_rejected_with_the_sequence_numbers
=== RUN   TestM1SovereignRuntime/observation_signed_with_another_key_is_rejected
=== RUN   TestM1SovereignRuntime/tampered_observation_field_is_rejected
=== RUN   TestM1SovereignRuntime/freeze_holds_admitted_work_and_refuses_new_work
=== RUN   TestM1SovereignRuntime/control-plane_outage_is_not_workload_outage
=== RUN   TestM1SovereignRuntime/revocation_blocks_new_work_without_killing_admitted_work
=== RUN   TestM1SovereignRuntime/audit_chain_verifies_and_tampering_is_detected_offline
=== RUN   TestM1SovereignRuntime/host_ledger_is_authoritative,_chained_and_signed
--- PASS: TestM1SovereignRuntime (27.58s)
    --- PASS: TestM1SovereignRuntime/identical_desired_state_does_not_advance_the_generation (0.04s)
    --- PASS: TestM1SovereignRuntime/replayed_observation_is_rejected_with_the_sequence_numbers (0.04s)
    --- PASS: TestM1SovereignRuntime/observation_signed_with_another_key_is_rejected (0.00s)
    --- PASS: TestM1SovereignRuntime/tampered_observation_field_is_rejected (0.00s)
    --- PASS: TestM1SovereignRuntime/freeze_holds_admitted_work_and_refuses_new_work (3.79s)
    --- PASS: TestM1SovereignRuntime/control-plane_outage_is_not_workload_outage (15.92s)
    --- PASS: TestM1SovereignRuntime/revocation_blocks_new_work_without_killing_admitted_work (0.74s)
    --- PASS: TestM1SovereignRuntime/audit_chain_verifies_and_tampering_is_detected_offline (0.01s)
    --- PASS: TestM1SovereignRuntime/host_ledger_is_authoritative,_chained_and_signed (0.00s)
=== RUN   TestM2StorageSurvivesHostLoss
    m2_test.go:103: committed b3:c0f266900ac2 on [host-a host-c edge-1] (primary host-a)
    m2_test.go:109: killed host-a and 1 workload(s)
    m2_test.go:142: replica restored on host-c from b3:c0f266900ac2; 3145728 bytes identical
=== RUN   TestM2StorageSurvivesHostLoss/interrupted_write_never_corrupts_committed_data
    m2_test.go:186: killed host-c mid-write (pending snapshot seen: true; committed at kill b3:c0f266900ac2)
    m2_test.go:239: interrupted write was not committed; committed state preserved (outcome: rolled back to b3:c0f266900ac2)
=== RUN   TestM2StorageSurvivesHostLoss/anti-entropy_repairs_a_corrupted_replica_chunk_with_evidence
    m2_test.go:264: corrupted b3:3c7b2b592f141d09add3ae195b706df4363b146991e0ed628949eae4ddb24bb3 on host-d
--- PASS: TestM2StorageSurvivesHostLoss (43.59s)
    --- PASS: TestM2StorageSurvivesHostLoss/interrupted_write_never_corrupts_committed_data (14.16s)
    --- PASS: TestM2StorageSurvivesHostLoss/anti-entropy_repairs_a_corrupted_replica_chunk_with_evidence (2.51s)
=== RUN   TestM3TrustAndMesh
=== RUN   TestM3TrustAndMesh/key_rotation_keeps_the_identity_and_the_workloads
=== RUN   TestM3TrustAndMesh/revoked_host_is_cut_from_the_mesh_but_keeps_admitted_work
=== RUN   TestM3TrustAndMesh/emergency_key_revocation_rejects_the_host's_signatures
=== RUN   TestM3TrustAndMesh/root_rotation_is_followed_by_hosts_that_pinned_the_old_root
--- PASS: TestM3TrustAndMesh (34.31s)
    --- PASS: TestM3TrustAndMesh/key_rotation_keeps_the_identity_and_the_workloads (2.88s)
    --- PASS: TestM3TrustAndMesh/revoked_host_is_cut_from_the_mesh_but_keeps_admitted_work (6.35s)
    --- PASS: TestM3TrustAndMesh/emergency_key_revocation_rejects_the_host's_signatures (9.83s)
    --- PASS: TestM3TrustAndMesh/root_rotation_is_followed_by_hosts_that_pinned_the_old_root (0.84s)
=== RUN   TestM4EdgeTLSAndFailover
=== RUN   TestM4EdgeTLSAndFailover/HTTPS_with_a_certificate_chained_to_the_ACME_CA,_round-robin_over_three_replicas
=== RUN   TestM4EdgeTLSAndFailover/a_hung_replica_is_ejected_and_requests_keep_succeeding
    m4_test.go:203: 245 requests, 0 failures while replica web/r0 was hung and ejected
=== RUN   TestM4EdgeTLSAndFailover/scale-down_drains_the_replica_before_it_leaves_the_routing_table
=== RUN   TestM4EdgeTLSAndFailover/edge_failover:_losing_an_edge_does_not_lose_the_service
--- PASS: TestM4EdgeTLSAndFailover (27.36s)
    --- PASS: TestM4EdgeTLSAndFailover/HTTPS_with_a_certificate_chained_to_the_ACME_CA,_round-robin_over_three_replicas (0.02s)
    --- PASS: TestM4EdgeTLSAndFailover/a_hung_replica_is_ejected_and_requests_keep_succeeding (15.67s)
    --- PASS: TestM4EdgeTLSAndFailover/scale-down_drains_the_replica_before_it_leaves_the_routing_table (1.94s)
    --- PASS: TestM4EdgeTLSAndFailover/edge_failover:_losing_an_edge_does_not_lose_the_service (0.06s)
=== RUN   TestM5HighlyAvailableControlPlane
=== RUN   TestM5HighlyAvailableControlPlane/every_member_serves_the_leader's_view,_the_console_and_conformance
=== RUN   TestM5HighlyAvailableControlPlane/leader_loss:_new_leader,_no_lost_writes,_no_workload_interruption
    m5_test.go:201: leader cp-1 killed; cp-3 elected in 1.123s; 246 requests through the edge during failover, 0 failed
=== RUN   TestM5HighlyAvailableControlPlane/backup_verifies_offline;_total_control-plane_loss_is_restored_without_stopping_workloads
    m5_test.go:299: restored from backup at index 68; 158 requests during total control-plane loss and restore, 0 failed
--- PASS: TestM5HighlyAvailableControlPlane (24.42s)
    --- PASS: TestM5HighlyAvailableControlPlane/every_member_serves_the_leader's_view,_the_console_and_conformance (0.12s)
    --- PASS: TestM5HighlyAvailableControlPlane/leader_loss:_new_leader,_no_lost_writes,_no_workload_interruption (7.93s)
    --- PASS: TestM5HighlyAvailableControlPlane/backup_verifies_offline;_total_control-plane_loss_is_restored_without_stopping_workloads (3.62s)
=== RUN   TestM7Federation
=== RUN   TestM7Federation/placement_over_quota_is_refused_by_the_grantor
=== RUN   TestM7Federation/cross-cluster_placement_runs_under_the_grantor's_own_authority_and_host_policy
=== RUN   TestM7Federation/revocation_by_the_grantor_stops_the_work_there_and_is_visible_to_the_grantee
--- PASS: TestM7Federation (17.80s)
    --- PASS: TestM7Federation/placement_over_quota_is_refused_by_the_grantor (1.24s)
    --- PASS: TestM7Federation/cross-cluster_placement_runs_under_the_grantor's_own_authority_and_host_policy (5.37s)
    --- PASS: TestM7Federation/revocation_by_the_grantor_stops_the_work_there_and_is_visible_to_the_grantee (3.71s)
=== RUN   TestRollingUpdateOfSingleReplicaDropsNothing
    rollout_test.go:54: 136 requests during the rolling update, 0 failed
--- PASS: TestRollingUpdateOfSingleReplicaDropsNothing (10.49s)
=== RUN   TestTLSEndToEnd
--- PASS: TestTLSEndToEnd (10.27s)
PASS
ok  	decentralized.host/tests/integration	222.114s
