=== attempt 1 at 2026-09-26T02:18:31Z: sh -c cd command-centre && npx vite build
(!) Your Vite config uses features that are unsupported by `configLoader: 'native'`, which is planned to become the default in a future major version of Vite:
  - `__dirname` (vite.config.ts:11:27). Use `import.meta.dirname` instead
Set `VITE_CONFIG_NATIVE_IGNORE_WARNING=true` to suppress this warning.
vite v8.3.1 building client environment for production...
transforming...
✓ 1708 modules transformed.
rendering chunks...
computing gzip size...
dist/index.html                                                        1.29 kB │ gzip:  0.52 kB
dist/assets/jetbrains-mono-vietnamese-wght-normal-Bt-aOZkq.woff2       7.50 kB
dist/assets/plus-jakarta-sans-vietnamese-wght-normal-qRpaaN48.woff2    8.35 kB
dist/assets/jetbrains-mono-greek-wght-normal-Bw9x6K1M.woff2            9.00 kB
dist/assets/jetbrains-mono-cyrillic-wght-normal-D73BlboJ.woff2        12.10 kB
dist/assets/jetbrains-mono-latin-ext-wght-normal-DBQx-q_a.woff2       15.19 kB
dist/assets/plus-jakarta-sans-latin-ext-wght-normal-DmpS2jIq.woff2    21.72 kB
dist/assets/plus-jakarta-sans-latin-wght-normal-eXO_dkmS.woff2        27.34 kB
dist/assets/jetbrains-mono-latin-wght-normal-B9CIFXIH.woff2           40.40 kB
dist/assets/index-BapOpIMi.css                                        75.95 kB │ gzip: 18.10 kB
dist/assets/check-bkKtZCE4.js                                          0.11 kB │ gzip:  0.13 kB
dist/assets/plus-BpULqGbY.js                                           0.14 kB │ gzip:  0.14 kB
dist/assets/arrow-left-DTcZRS52.js                                     0.15 kB │ gzip:  0.15 kB
dist/assets/clock-BzCSFJQy.js                                          0.15 kB │ gzip:  0.15 kB
dist/assets/circle-minus-i8PCtdLo.js                                   0.16 kB │ gzip:  0.15 kB
dist/assets/circle-check-i201l1Do.js                                   0.16 kB │ gzip:  0.16 kB
dist/assets/circle-x-BArcpFx1.js                                       0.19 kB │ gzip:  0.17 kB
dist/assets/download-CVBQ31dc.js                                       0.22 kB │ gzip:  0.18 kB
dist/assets/copy-BMq1Pshj.js                                           0.22 kB │ gzip:  0.20 kB
dist/assets/database-Bns8sama.js                                       0.23 kB │ gzip:  0.19 kB
dist/assets/circle-question-mark-Dl8VEKNA.js                           0.23 kB │ gzip:  0.20 kB
dist/assets/settings-2-BbCpfBRV.js                                     0.24 kB │ gzip:  0.18 kB
dist/assets/monitor-Bu9gmQo-.js                                        0.24 kB │ gzip:  0.20 kB
dist/assets/house-uPeend3G.js                                          0.27 kB │ gzip:  0.20 kB
dist/assets/file-code-2-Cgi-_fiq.js                                    0.28 kB │ gzip:  0.20 kB
dist/assets/trash-2-D8wRGhzT.js                                        0.31 kB │ gzip:  0.20 kB
dist/assets/shield-alert-9MeFghV_.js                                   0.34 kB │ gzip:  0.25 kB
dist/assets/shield-x-CYt1F2SI.js                                       0.34 kB │ gzip:  0.25 kB
dist/assets/package-Dt2PqHk7.js                                        0.36 kB │ gzip:  0.25 kB
dist/assets/radio-kOdq5z8T.js                                          0.36 kB │ gzip:  0.24 kB
dist/assets/network-SJVVQSZn.js                                        0.37 kB │ gzip:  0.23 kB
dist/assets/NotFoundView-Dbvvt6Zt.js                                   0.40 kB │ gzip:  0.29 kB
dist/assets/layers-Di88jkh-.js                                         0.41 kB │ gzip:  0.23 kB
dist/assets/cpu-BO9C3Vi6.js                                            0.93 kB │ gzip:  0.41 kB
dist/assets/client-B4LNUIQa.js                                         0.99 kB │ gzip:  0.64 kB
dist/assets/BillingView-Bu9knlsB.js                                    1.48 kB │ gzip:  0.73 kB
dist/assets/DomainsView-D1Vc5zV1.js                                    2.71 kB │ gzip:  1.06 kB
dist/assets/DeploymentView-DEdZQVmU.js                                 2.86 kB │ gzip:  1.11 kB
dist/assets/AnalyticsView-DYakV72n.js                                  3.58 kB │ gzip:  1.39 kB
dist/assets/TeamView-B4CzGPqK.js                                       3.83 kB │ gzip:  1.51 kB
dist/assets/SecurityView-C03dOVGm.js                                   4.36 kB │ gzip:  1.70 kB
dist/assets/LogViewer-DQbbG6Cz.js                                      4.48 kB │ gzip:  1.94 kB
dist/assets/OperationsView-lczo5jBT.js                                 4.98 kB │ gzip:  1.95 kB
dist/assets/AppsView-C7WCw6bW.js                                       5.24 kB │ gzip:  1.87 kB
dist/assets/truth-9gLbj0lG.js                                          6.46 kB │ gzip:  2.39 kB
dist/assets/ActivityView-CzQ9sYMv.js                                   8.61 kB │ gzip:  2.87 kB
dist/assets/CopilotView-BKr6SMku.js                                    9.21 kB │ gzip:  3.56 kB
dist/assets/EvidenceView-Dps9JFm3.js                                   9.62 kB │ gzip:  3.30 kB
dist/assets/EvidenceDetailView-Bj1Y5En8.js                             9.64 kB │ gzip:  3.14 kB
dist/assets/SettingsView-DwHBaiJh.js                                  10.41 kB │ gzip:  3.76 kB
dist/assets/DeployNewView-BVv29zwk.js                                 11.57 kB │ gzip:  3.94 kB
dist/assets/AddNodeView-cqc7YQbm.js                                   11.87 kB │ gzip:  4.50 kB
dist/assets/DeployView-D-c0jHpx.js                                    13.07 kB │ gzip:  4.77 kB
dist/assets/StorageView-jY7ZLX59.js                                   15.48 kB │ gzip:  5.16 kB
dist/assets/CommandSurface-C4bdyzCk.js                                16.40 kB │ gzip:  7.04 kB
dist/assets/DashboardView-CPe8BKjg.js                                 18.66 kB │ gzip:  5.39 kB
dist/assets/NodesView-B8dVW1nh.js                                     21.62 kB │ gzip:  6.99 kB
dist/assets/NodeDetailView-BGEQs9ar.js                                22.06 kB │ gzip:  6.95 kB
dist/assets/AppDetailView-Davjrnuv.js                                 24.43 kB │ gzip:  6.61 kB
dist/assets/states-JpiEOpjN.js                                        29.99 kB │ gzip: 10.26 kB
dist/assets/index-Dp6Mo5WW.js                                        292.20 kB │ gzip: 92.80 kB

✓ built in 1.16s
